[backblue.gif]
[fade.gif]
[index.html]
[templatetasarim.com/opencart/Bicycle/catalog/view/javascript/jquery/jquery-2.1.1.min.js]
[templatetasarim.com/opencart/Bicycle/catalog/view/javascript/bootstrap/js/bootstrap.min.js]
[templatetasarim.com/opencart/Bicycle/catalog/view/javascript/inspire/product-slider-zoom/jquery.elevatezoom.js]
[cdnjs.cloudflare.com/ajax/libs/wow/1.1.2/wow.min.js]
[cdnjs.cloudflare.com/ajax/libs/animate.css/3.7.2/animate.min.css]
[templatetasarim.com/opencart/Bicycle/catalog/view/javascript/countdown/jquery.plugin.min.js]
[templatetasarim.com/opencart/Bicycle/catalog/view/javascript/countdown/jquery.countdown.min.js]
[templatetasarim.com/opencart/Bicycle/catalog/view/javascript/blog/lightbox-2.6.min.js]
[templatetasarim.com/opencart/Bicycle/catalog/view/javascript/inspire/custom.js]
[templatetasarim.com/opencart/Bicycle/catalog/view/javascript/jquery/swiper/js/owl.carousel.min.js]
[templatetasarim.com/opencart/Bicycle/catalog/view/javascript/jquery/swiper/js/swiper.jquery.js]
[templatetasarim.com/opencart/Bicycle/catalog/view/javascript/jquery/magnific/jquery.magnific-popup.min.js]
[templatetasarim.com/opencart/Bicycle/catalog/view/javascript/jquery/inspirequickview.js]
[templatetasarim.com/opencart/Bicycle/catalog/view/javascript/jquery/inspirenewsletter.js]
[templatetasarim.com/opencart/Bicycle/catalog/view/javascript/common.js]
[templatetasarim.com/opencart/Bicycle/image/catalog/cart.png]
[templatetasarim.com/opencart/Bicycle/catalog/language/en-gb/en-gb.png]
[templatetasarim.com/opencart/Bicycle/catalog/language/ar/ar.png]
[templatetasarim.com/opencart/Bicycle/catalog/language/sv-se/sv-se.png]
[templatetasarim.com/opencart/Bicycle/catalog/language/fr-fr/fr-fr.png]
[templatetasarim.com/opencart/Bicycle/catalog/language/it-it/it-it.png]
[templatetasarim.com/opencart/Bicycle/catalog/language/pl-pl/pl-pl.png]
[templatetasarim.com/opencart/Bicycle/catalog/language/es-es/es-es.png]
[templatetasarim.com/opencart/Bicycle/catalog/language/de-de/de-de.png]
[templatetasarim.com/opencart/Bicycle/catalog/language/ka-ge/ka-ge.png]
[templatetasarim.com/opencart/Bicycle/catalog/language/bg-bg/bg-bg.png]
[templatetasarim.com/opencart/Bicycle/catalog/language/cs-cz/cs-cz.png]
[templatetasarim.com/opencart/Bicycle/catalog/language/fi-fi/fi-fi.png]
[templatetasarim.com/opencart/Bicycle/catalog/language/ja/ja.png]
[templatetasarim.com/opencart/Bicycle/catalog/language/hu-hu/hu-hu.png]
[templatetasarim.com/opencart/Bicycle/image/catalog/logo-b.jpg]
[templatetasarim.com/opencart/Bicycle/image/cache/catalog/slider/slide-03-1920x700.jpg]
[templatetasarim.com/opencart/Bicycle/image/cache/catalog/slider/slide-01-1920x700.jpg]
[templatetasarim.com/opencart/Bicycle/image/cache/catalog/Allbanner/640x300-3-640x300.jpg]
[templatetasarim.com/opencart/Bicycle/image/cache/catalog/Allbanner/640x300-02-640x300.jpg]
[templatetasarim.com/opencart/Bicycle/image/cache/catalog/Allbanner/640x300-640x300.jpg]
[templatetasarim.com/opencart/Bicycle/image/cache/catalog/product/opencart-06-1000x700.jpg]
[templatetasarim.com/opencart/Bicycle/image/cache/catalog/product/opencart-13-1000x700.jpg]
[templatetasarim.com/opencart/Bicycle/image/cache/catalog/product/opencart-02-1000x700.jpg]
[templatetasarim.com/opencart/Bicycle/image/cache/catalog/product/opencart-05-1000x700.jpg]
[templatetasarim.com/opencart/Bicycle/image/cache/catalog/product/opencart-01-1000x700.jpg]
[templatetasarim.com/opencart/Bicycle/image/cache/catalog/product/opencart-11-1000x700.jpg]
[templatetasarim.com/opencart/Bicycle/image/cache/catalog/product/opencart-03-1000x700.jpg]
[templatetasarim.com/opencart/Bicycle/image/cache/catalog/product/opencart-09-1000x700.jpg]
[templatetasarim.com/opencart/Bicycle/image/cache/catalog/product/opencart-15-1000x700.jpg]
[templatetasarim.com/opencart/Bicycle/image/cache/catalog/product/opencart-07-1000x700.jpg]
[templatetasarim.com/opencart/Bicycle/image/cache/catalog/product/opencart-16-1000x700.jpg]
[templatetasarim.com/opencart/Bicycle/image/cache/catalog/product/opencart-14-1000x700.jpg]
[templatetasarim.com/opencart/Bicycle/image/cache/catalog/product/opencart-10-1000x700.jpg]
[templatetasarim.com/opencart/Bicycle/image/cache/catalog/product/opencart-12-1000x700.jpg]
[templatetasarim.com/opencart/Bicycle/image/cache/catalog/product/opencart-17-1000x700.jpg]
[templatetasarim.com/opencart/Bicycle/image/cache/catalog/product/opencart-04-1000x700.jpg]
[templatetasarim.com/opencart/Bicycle/image/cache/catalog/product/opencart-21-1000x700.jpg]
[templatetasarim.com/opencart/Bicycle/image/catalog/parallax.jpg]
[templatetasarim.com/opencart/Bicycle/image/cache/catalog/product/opencart-01-315x221.jpg]
[templatetasarim.com/opencart/Bicycle/image/cache/catalog/product/opencart-02-315x221.jpg]
[templatetasarim.com/opencart/Bicycle/image/cache/catalog/product/opencart-03-315x221.jpg]
[templatetasarim.com/opencart/Bicycle/image/cache/catalog/product/opencart-05-315x221.jpg]
[templatetasarim.com/opencart/Bicycle/image/cache/catalog/product/opencart-04-315x221.jpg]
[templatetasarim.com/opencart/Bicycle/image/cache/catalog/brand/4-225x150.jpg]
[templatetasarim.com/opencart/Bicycle/image/cache/catalog/brand/3-225x150.jpg]
[templatetasarim.com/opencart/Bicycle/image/cache/catalog/brand/2-225x150.jpg]
[templatetasarim.com/opencart/Bicycle/image/cache/catalog/brand/1-225x150.jpg]
[templatetasarim.com/opencart/Bicycle/image/cache/catalog/brand/6-225x150.jpg]
[templatetasarim.com/opencart/Bicycle/image/cache/catalog/brand/5-225x150.jpg]
[templatetasarim.com/opencart/Bicycle/image/cache/catalog/blog/blog-01-893x502.jpg]
[templatetasarim.com/opencart/Bicycle/image/cache/catalog/blog/blog-04-893x502.jpg]
[templatetasarim.com/opencart/Bicycle/image/cache/catalog/blog/blog-03-893x502.jpg]
[templatetasarim.com/opencart/Bicycle/image/cache/catalog/blog/blog-02-893x502.jpg]
[templatetasarim.com/opencart/Bicycle/image/cache/catalog/product/opencart-01-315x220.jpg]
[templatetasarim.com/opencart/Bicycle/image/cache/catalog/product/opencart-02-315x220.jpg]
[templatetasarim.com/opencart/Bicycle/image/cache/catalog/product/opencart-03-315x220.jpg]
[templatetasarim.com/opencart/Bicycle/image/cache/catalog/product/opencart-04-315x220.jpg]
[templatetasarim.com/opencart/Bicycle/image/cache/catalog/product/opencart-05-315x220.jpg]
[templatetasarim.com/opencart/Bicycle/image/catalog/payment.png]
[templatetasarim.com/opencart/Bicycle/index.html]
[templatetasarim.com/opencart/Bicycle/catalog/view/javascript/bootstrap/fonts/glyphicons-halflings-regular.eot]
[templatetasarim.com/opencart/Bicycle/catalog/view/javascript/bootstrap/fonts/glyphicons-halflings-regulard41d.eot]
[templatetasarim.com/opencart/Bicycle/catalog/view/javascript/bootstrap/fonts/glyphicons-halflings-regular.woff2]
[templatetasarim.com/opencart/Bicycle/catalog/view/javascript/bootstrap/fonts/glyphicons-halflings-regular.woff]
[templatetasarim.com/opencart/Bicycle/catalog/view/javascript/bootstrap/fonts/glyphicons-halflings-regular.ttf]
[templatetasarim.com/opencart/Bicycle/catalog/view/javascript/bootstrap/css/bootstrap.min.css]
[templatetasarim.com/opencart/Bicycle/catalog/view/javascript/font-awesome/fonts/fontawesome-webfont3e6e.eot]
[templatetasarim.com/opencart/Bicycle/catalog/view/javascript/font-awesome/fonts/fontawesome-webfontd41d.eot]
[templatetasarim.com/opencart/Bicycle/catalog/view/javascript/font-awesome/fonts/fontawesome-webfont3e6e.woff2]
[templatetasarim.com/opencart/Bicycle/catalog/view/javascript/font-awesome/fonts/fontawesome-webfont3e6e.woff]
[templatetasarim.com/opencart/Bicycle/catalog/view/javascript/font-awesome/fonts/fontawesome-webfont3e6e.ttf]
[templatetasarim.com/opencart/Bicycle/catalog/view/javascript/font-awesome/css/font-awesome.min.css]
[cdnjs.cloudflare.com/ajax/libs/animate.css/3.7.2/animate.min.css]
[templatetasarim.com/opencart/Bicycle/image/catalog/Arrow.png]
[templatetasarim.com/opencart/Bicycle/image/catalog/loader.gif]
[templatetasarim.com/opencart/Bicycle/image/catalog/offerbg.jpg]
[templatetasarim.com/opencart/Bicycle/image/catalog/news.png]
[templatetasarim.com/opencart/Bicycle/catalog/view/theme/default/stylesheet/stylesheet.css]
[templatetasarim.com/opencart/Bicycle/catalog/view/javascript/jquery/swiper/css/owl.carousel.css]
[templatetasarim.com/opencart/Bicycle/catalog/view/javascript/jquery/swiper/css/owl.theme.css]
[templatetasarim.com/opencart/Bicycle/catalog/view/javascript/jquery/swiper/css/swiper.min.css]
[templatetasarim.com/opencart/Bicycle/catalog/view/javascript/jquery/swiper/css/opencart.css]
[templatetasarim.com/opencart/Bicycle/catalog/view/javascript/jquery/swiper/css/css/owl.carousel.css]
[templatetasarim.com/opencart/Bicycle/catalog/view/javascript/jquery/swiper/css/css/owl.theme.css]
[templatetasarim.com/opencart/Bicycle/catalog/view/javascript/jquery/magnific/magnific-popup.css]
[templatetasarim.com/opencart/Bicycle/catalog/view/theme/default/stylesheet/inspirenewsletter.css]
[templatetasarim.com/opencart/Bicycle/catalog/view/javascript/jquery/inspirequickview.css]
[templatetasarim.com/opencart/Bicycle/catalog/view/javascript/blog/lightbox.css]
[templatetasarim.com/opencart/Bicycle/image/catalog/account/male.png]
[templatetasarim.com/opencart/Bicycle/indexe223.html]
[templatetasarim.com/opencart/Bicycle/catalog/view/javascript/jquery/datetimepicker/moment/moment.min.js]
[templatetasarim.com/opencart/Bicycle/catalog/view/javascript/jquery/datetimepicker/moment/moment-with-locales.min.js]
[templatetasarim.com/opencart/Bicycle/catalog/view/javascript/jquery/datetimepicker/bootstrap-datetimepicker.min.js]
[templatetasarim.com/opencart/Bicycle/index5502.html]
[templatetasarim.com/opencart/Bicycle/index6431.html]
[templatetasarim.com/opencart/Bicycle/index9328.html]
[templatetasarim.com/opencart/Bicycle/catalog/view/javascript/insp/jquery-ui-1.12.1/jquery-ui.min.js]
[templatetasarim.com/opencart/Bicycle/catalog/view/javascript/insp/tf_filter.js]
[templatetasarim.com/opencart/Bicycle/image/catalog/category/list.png]
[templatetasarim.com/opencart/Bicycle/image/catalog/category/grid.png]
[templatetasarim.com/opencart/Bicycle/image/cache/catalog/product/opencart-10-313x219.jpg]
[templatetasarim.com/opencart/Bicycle/image/cache/catalog/product/opencart-14-313x219.jpg]
[templatetasarim.com/opencart/Bicycle/image/cache/catalog/product/opencart-19-313x219.jpg]
[templatetasarim.com/opencart/Bicycle/image/cache/catalog/product/opencart-11-313x219.jpg]
[templatetasarim.com/opencart/Bicycle/image/cache/catalog/product/opencart-09-313x219.jpg]
[templatetasarim.com/opencart/Bicycle/image/cache/catalog/product/opencart-08-313x219.jpg]
[templatetasarim.com/opencart/Bicycle/image/cache/catalog/product/opencart-16-313x219.jpg]
[templatetasarim.com/opencart/Bicycle/image/cache/catalog/product/opencart-06-313x219.jpg]
[templatetasarim.com/opencart/Bicycle/image/cache/catalog/product/opencart-13-313x219.jpg]
[templatetasarim.com/opencart/Bicycle/image/cache/catalog/product/opencart-05-313x219.jpg]
[templatetasarim.com/opencart/Bicycle/image/cache/catalog/product/opencart-15-313x219.jpg]
[templatetasarim.com/opencart/Bicycle/image/cache/catalog/product/opencart-01-313x219.jpg]
[templatetasarim.com/opencart/Bicycle/image/cache/catalog/product/opencart-03-313x219.jpg]
[templatetasarim.com/opencart/Bicycle/image/cache/catalog/product/opencart-12-313x219.jpg]
[templatetasarim.com/opencart/Bicycle/image/cache/catalog/product/opencart-21-313x219.jpg]
[templatetasarim.com/opencart/Bicycle/image/cache/catalog/product/opencart-04-313x219.jpg]
[templatetasarim.com/opencart/Bicycle/image/cache/catalog/product/opencart-20-313x219.jpg]
[templatetasarim.com/opencart/Bicycle/index98dc.html]
[templatetasarim.com/opencart/Bicycle/image/cache/catalog/product/opencart-07-313x219.jpg]
[templatetasarim.com/opencart/Bicycle/image/cache/catalog/product/opencart-02-313x219.jpg]
[templatetasarim.com/opencart/Bicycle/indexedea.html]
[templatetasarim.com/opencart/Bicycle/index4294.html]
[templatetasarim.com/opencart/Bicycle/index6096.html]
[templatetasarim.com/opencart/Bicycle/indexdd46.html]
[templatetasarim.com/opencart/Bicycle/index3e5e.html]
[templatetasarim.com/opencart/Bicycle/indexd9fe.html]
[templatetasarim.com/opencart/Bicycle/indexf345.html]
[templatetasarim.com/opencart/Bicycle/index7fa3.html]
[templatetasarim.com/opencart/Bicycle/index1647.html]
[templatetasarim.com/opencart/Bicycle/indexe177.html]
[templatetasarim.com/opencart/Bicycle/indexe733.html]
[templatetasarim.com/opencart/Bicycle/index7328.html]
[templatetasarim.com/opencart/Bicycle/index43ee.html]
[templatetasarim.com/opencart/Bicycle/indexf6ce.html]
[templatetasarim.com/opencart/Bicycle/index68a7.html]
[templatetasarim.com/opencart/Bicycle/indexedf3.html]
[templatetasarim.com/opencart/Bicycle/indexfb9c.html]
[templatetasarim.com/opencart/Bicycle/index0ee8.html]
[templatetasarim.com/opencart/Bicycle/index293d.html]
[templatetasarim.com/opencart/Bicycle/index955a.html]
[templatetasarim.com/opencart/Bicycle/indexcc10.html]
[templatetasarim.com/opencart/Bicycle/indexf446.html]
[templatetasarim.com/opencart/Bicycle/indexf08c.html]
